Africa
Agriculture
Air
America
Analyst
Association
August
Australia
Australian
Bake
Board
Brazilian
Britain
British
Broth
Bundesbank
Capital
Central
Chairman
Chicago
China
Chrysl
Commerce
Committee
Community
Company
Congres
Court
Credit
Development
Dome
Dutch
East
Economic
Electric
Energy
England
Europe
Export
Fe
Financial
Foreign
France
French
Friday
Fund
German
Germany
Government
Gulf
Hold
Hong
Howev
Investment
Iran
Iranian
Ita
Jame
John
Kong
Korea
Loan
London
Market
Merrill
Mexico
Mine
Ministry
Monday
Monetary
Moody
Morgan
Motor
Nakasone
North
Note
Novemb
Octob
Oil
Ope
Oth
Pacific
Pari
Pay
Petroleum
Philippine
Poor
Prime
Record
Reserve
Resource
Robert
Saudi
Sav
Secretary
Senate
Septemb
Service
Shearson
South
Soviet
Standard
Stock
Swis
System
Taiwan
Texa
Texaco
Tokyo
Total
Trust
Und
Union
Unit
Volck
Washington
Western
White
Year
accept
active
activity
addition
additional
adjust
adjustment
administration
advance
affect
ag
agency
agricultural
ahead
aid
aim
air
airline
al
american
announcement
anoth
appear
application
approval
arm
ason
attack
attempt
authority
award
balance
began
beginn
benefit
bett
boost
borrow
bought
bre
broke
buff
build
businesse
canada
capacity
car
carry
case
caus
certificate
chemical
cite
city
claim
clear
cocoa
coffee
combine
commission
commitment
committee
commodity
competition
competitive
compute
concern
condition
conference
consid
construction
consum
consume
control
convertible
corn
corporate
coupon
court
create
creditor
crisi
crop
crude
custom
dai
damage
data
de
debenture
decide
declare
delay
delivery
department
deposit
design
despite
detail
determine
difficult
direct
director
disclose
discontinue
discount
discus
discussion
dispute
distribution
div
division
doe
don
drop
dropp
drug
duced
duction
ease
economist
effective
effort
election
electronic
employee
encourage
energy
engine
ent
equal
equipment
equity
eurobond
exclude
exist
expand
expansion
expire
exploration
extend
extraordinary
face
facility
factor
fail
february
federal
fee
field
final
find
fixe
flect
flow
food
force
fourth
free
fuel
full
ga
gatt
gion
gistration
goe
gold
grain
grant
great
grow
guarantee
guild
hard
head
heavy
hit
hope
hour
house
howev
ibm
imf
impact
impose
improve
improvement
indicate
industrial
inflation
initial
institution
insurance
intend
intervention
interview
introduce
invest
involve
issues
japan
ject
job
join
key
land
largest
lat
latest
law
le
lease
leave
legislation
lend
les
lett
life
light
link
liquidity
list
local
loss
losse
maintain
majority
manufacture
march
margin
markete
material
maturity
medium
met
mid
mile
mine
minist
ministry
monetary
morn
mortgage
nam
national
natural
ne
needed
negotiate
negotiation
network
newspap
night
nil
normal
numb
offer
opec
oppose
opposition
organization
original
ounce
oversea
package
pact
paid
pap
par
pare
partn
partnership
party
payable
payout
people
performance
personal
pipeline
plann
plu
political
position
post
potential
pow
prime
principal
probab
proce
proces
property
prospect
provision
purpose
quarter
quest
question
quir
quire
quirement
quota
quote
rath
risk
sales
save
schedule
scheduled
search
season
seasonal
seat
sees
sells
senior
sery
session
sets
settlement
sharp
ship
shipment
shipp
side
situation
slight
slow
small
solution
soybean
special
spective
spend
split
sponse
ssure
stability
staff
standard
steel
step
sterl
store
strike
structure
study
subject
subordinate
subsidy
substantial
sugar
suit
suspend
tail
tak
takeov
target
tariff
taxe
technology
telephone
test
tomorrow
ton
top
totall
transaction
treasury
trust
turnov
unchang
underwrite
underwriter
union
urge
usda
venture
vice
viou
vious
visit
volume
vote
wage
war
warrant
wheth
wide
won
worth
yield
