accept
accord
account
ach
acq
acquire
acquisition
action
activity
add
addition
additional
adjust
administration
advance
africa
ag
agan
agency
ago
agree
agreement
agricultural
agriculture
ahead
aid
aim
air
airline
al
allow
america
american
amount
analyst
announc
announcement
annual
appear
application
approval
approve
apr
april
area
ason
asset
associate
association
attack
attempt
august
australia
australian
authority
average
avg
bake
balance
barrel
base
basi
began
benefit
bett
bid
bill
board
bond
boost
borrow
bought
bpd
brazil
brazilian
britain
british
broke
broth
budget
build
bundesbank
busines
buy
call
canada
canadian
capacity
capital
car
carry
case
cash
caus
ceiv
ceive
cent
central
certificate
chairman
change
charge
chemical
chicago
chief
china
chrysl
city
claim
clas
clear
close
cocoa
coffee
combine
comment
commerce
commercial
commission
commitment
committee
commodity
common
communication
community
compare
complete
compute
concern
condition
conference
congres
consid
construction
consume
continue
contract
control
convertible
copp
cord
corn
corporate
corporation
cost
council
country
coupon
court
cove
credit
creditor
crop
crude
currency
current
custom
cut
dai
damage
data
day
de
deal
debenture
debt
dec
decemb
decide
decision
declare
decline
deficit
delay
delivery
demand
department
deposit
design
despite
detail
develop
development
direct
director
disclose
discount
dispute
distribution
div
dividend
division
dollar
domestic
don
drop
drug
duce
duced
duction
dutch
ear
earli
earn
ease
east
ec
economic
economist
economy
effective
effort
election
electric
electronic
employee
energy
engine
england
equipment
equity
estimate
eurobond
europe
european
exchange
exclude
executive
exist
expand
expect
exploration
export
extend
extraordinary
face
facility
factor
fail
fall
farm
fe
feb
february
federal
fee
fell
ferr
field
figure
file
final
finance
financial
find
firm
fiscal
fixe
flect
flow
food
force
forecast
foreign
form
fourth
franc
france
free
french
friday
full
fund
future
ga
gain
general
german
germany
gm
gold
good
government
grain
great
group
grow
growth
guarantee
gulf
half
head
heavy
held
help
high
hit
hold
hong
hope
hour
house
ibm
imf
impact
import
improve
include
income
increase
indicate
industrial
industry
inflation
initial
institute
institution
insurance
intend
interest
international
intervention
introduce
investment
investor
involve
iran
issue
jame
jan
january
japan
japanese
ject
john
joint
ju
jul
june
key
kong
land
large
largest
late
latest
launche
law
lb
le
lead
lease
lend
lett
level
life
light
limit
list
loan
local
london
long
los
losse
low
lowe
main
maintain
major
mak
manage
management
manufacture
march
mark
markete
measure
meet
memb
merger
merrill
metal
mexico
mid
mill
mine
minist
ministry
monday
monetary
money
money-fx
month
moody
morgan
morne
mortgage
motor
move
mth
nakasone
nam
nation
national
natural
needed
negotiate
negotiation
network
newspap
nil
north
note
novemb
numb
octob
offe
office
official
oil
ope
opec
open
operate
operation
option
organization
original
ounce
output
outstand
oversea
owne
pacific
package
pact
paid
pap
par
pari
partn
partnership
party
pay
payable
payment
people
period
personal
petroleum
philippine
place
plan
plann
plant
plc
point
policy
political
poor
port
position
post
potential
pow
prime
principal
prior
private
problem
proce
produce
product
production
profit
program
project
property
proposal
propose
provide
provision
public
purchase
qt
qtr
quart
quarter
quest
question
quir
quirement
quota
quote
raise
range
rate
rise
risk
rose
rule
sale
saudi
save
scheduled
second
secretary
sector
security
seek
sell
senate
senior
sentative
sep
septemb
serve
service
sery
session
set
settlement
sharehold
sharp
ship
shipment
shipp
short
shr
sident
sign
situation
slow
small
sold
source
south
southern
soviet
soybean
special
spend
split
spokesman
sponse
ssure
stake
standard
start
statement
steel
step
sterl
stg
stock
store
strike
strong
structur
study
subject
subordinate
subsidiary
subsidy
sugar
sult
supp
support
surplu
swis
system
tail
taiwan
takeov
talk
target
tariff
tax
technology
telephone
tend
term
test
texa
texaco
third
three
time
today
tokyo
told
tomorrow
ton
tonne
top
total
totall
transaction
treasury
trust
turn
turnov
unchang
underwrite
underwriter
union
unit
unite
urge
usda
venture
venue
vice
view
viou
vis
volck
volume
vote
wage
war
warn
warrant
washington
week
west
western
wheat
white
work
worth
yen
yesterday
yield
york
