About
According
Act
After
All
Also
Although
Among
An
And
Another
As
At
Both
E
Each
First
For
Home
However
If
Its
Last
Many
Most
Nine
No
Non
O
Of
On
One
Other
Per
Research
Seven
She
Since
Six
Some
State
That
There
These
To
Two
Under
When
While
With
World
able
above
according
across
act
adopted
affected
again
almost
alone
along
already
although
am
among
announce
another
anything
approximately
ask
away
back
became
become
begin
beginning
behind
believe
below
beyond
came
canada
cannot
cause
certain
co
come
comes
crude
different
does
doing
done
effect
either
ending
enough
especially
even
ever
every
except
far
few
followed
following
follows
former
formerly
found
france
gave
get
getting
give
given
giving
go
grain
having
here
him
home
how
however
i
immediate
immediately
important
index
information
instead
interest
itself
japan
just
keep
know
known
largely
later
least
less
like
line
little
look
looking
mainly
makes
many
mean
means
might
million
money-fx
mostly
much
must
name
near
nearly
necessary
need
needs
never
noted
nothing
o
obtain
old
once
others
outside
overall
own
particular
particularly
past
placed
plus
possible
possibly
present
previously
primarily
probably
provides
put
quickly
rather
re
really
recently
related
relatively
research
respectively
resulted
resulting
results
right
run
saw
say
saying
says
sec
see
seen
sent
several
she
show
showed
shows
significant
significantly
similar
slightly
soon
states
stop
strongly
substantially
taken
taking
them
themselves
then
these
think
those
though
throughout
together
too
took
toward
towards
trade
trying
uk
unless
unlikely
until
upon
us
use
using
various
ve
very
via
want
wants
way
went
west-germany
what
where
whether
whole
whose
widely
willing
within
without
yet
you
